// Jest Snapshot v1, https://goo.gl/fbAQLP

exports[`LoginPage component renders the given component 1`] = `
<main
  className="LoginPage"
>
  <h2>
    Login
  </h2>
  <LoginForm
    onLoginSuccess={[Function]}
  />
</main>
`;
